[2025-10-30 12:53:05] 🟢 Auto-Sync iniciado
[2025-10-30 12:53:05] ▶️ Iniciando corrida…
[2025-10-30 12:53:18] ✅ Corrida OK · insertados=5 actualizados=6 eventos=76
[2025-10-30 12:56:50] 🟢 Auto-Sync iniciado
[2025-10-30 12:56:50] ▶️ Iniciando corrida…
[2025-10-30 12:56:59] 🔴 Auto-Sync detenido
[2025-10-30 12:57:00] ✅ Corrida OK · insertados=0 actualizados=0 eventos=76
[2025-10-30 12:57:02] 🟢 Auto-Sync iniciado
[2025-10-30 12:57:02] ▶️ Iniciando corrida…
[2025-10-30 12:57:09] 🔴 Auto-Sync detenido
[2025-10-30 12:57:10] ✅ Corrida OK · insertados=0 actualizados=0 eventos=76
[2025-10-30 13:40:03] 🟢 Auto-Sync iniciado
[2025-10-30 13:40:03] ▶️ Iniciando corrida…
[2025-10-30 13:40:15] ✅ Corrida OK · insertados=0 actualizados=0 eventos=76
[2025-10-30 13:50:16] ▶️ Iniciando corrida…
[2025-10-30 13:50:26] ✅ Corrida OK · insertados=2 actualizados=0 eventos=78
[2025-10-30 13:51:41] 🔴 Auto-Sync detenido
[2025-10-30 13:51:49] 🟢 Auto-Sync iniciado
[2025-10-30 13:51:49] ▶️ Iniciando corrida…
[2025-10-30 13:51:58] ✅ Corrida OK · insertados=0 actualizados=0 eventos=78
[2025-10-30 14:01:58] ▶️ Iniciando corrida…
[2025-10-30 14:02:08] ✅ Corrida OK · insertados=0 actualizados=0 eventos=78
[2025-10-30 14:12:22] ▶️ Iniciando corrida…
[2025-10-30 14:12:32] ✅ Corrida OK · insertados=0 actualizados=0 eventos=78
[2025-10-30 14:24:15] ▶️ Iniciando corrida…
[2025-10-30 14:24:25] ✅ Corrida OK · insertados=0 actualizados=0 eventos=78
[2025-10-30 14:27:11] 🔴 Auto-Sync detenido
[2025-10-30 14:27:52] ⏱️ Intervalo actualizado a 5 min.
[2025-10-30 14:27:56] 🟢 Auto-Sync iniciado
[2025-10-30 14:27:56] ▶️ Iniciando corrida…
[2025-10-30 14:28:07] ✅ Corrida OK · insertados=0 actualizados=0 eventos=78
[2025-10-30 14:33:07] ▶️ Iniciando corrida…
[2025-10-30 14:33:16] ✅ Corrida OK · insertados=0 actualizados=0 eventos=78
[2025-10-30 14:38:16] ▶️ Iniciando corrida…
[2025-10-30 14:38:25] ✅ Corrida OK · insertados=0 actualizados=0 eventos=78
[2025-10-30 14:45:44] ▶️ Iniciando corrida…
[2025-10-30 14:45:56] ✅ Corrida OK · insertados=0 actualizados=0 eventos=78
[2025-10-30 14:50:10] ⏱️ Intervalo actualizado a 5 min.
[2025-10-30 14:50:13] 🟢 Auto-Sync iniciado
[2025-10-30 14:50:13] ▶️ Iniciando corrida…
[2025-10-30 14:50:24] ✅ Corrida OK · insertados=0 actualizados=0 eventos=78
[2025-10-30 14:50:56] 🔴 Auto-Sync detenido
[2025-10-31 10:05:48] 🟢 Auto-Sync iniciado
[2025-10-31 10:05:48] ▶️ Iniciando corrida…
[2025-10-31 10:05:59] ✅ Corrida OK · insertados=5 actualizados=6 eventos=73
[2025-10-31 10:16:00] ▶️ Iniciando corrida…
[2025-10-31 10:16:08] ✅ Corrida OK · insertados=1 actualizados=0 eventos=74
[2025-10-31 16:03:10] 🟢 Auto-Sync iniciado
[2025-10-31 16:03:10] ▶️ Iniciando corrida…
[2025-10-31 16:03:22] ✅ Corrida OK · insertados=1 actualizados=0 eventos=75
[2025-10-31 16:04:03] 🔴 Auto-Sync detenido
[2025-10-31 16:09:52] 🟢 Auto-Sync iniciado
[2025-10-31 16:09:52] ▶️ Iniciando ciclo…
[2025-10-31 16:09:53] ✅ [SIM] Corrida OK · insertados=9 actualizados=2 eventos=11
[2025-10-31 16:19:53] ▶️ Iniciando ciclo…
[2025-10-31 16:19:55] ✅ [SIM] Corrida OK · insertados=4 actualizados=2 eventos=6
[2025-10-31 17:04:44] ▶️ Iniciando ciclo…
[2025-10-31 17:04:45] ✅ [SIM] Corrida OK · insertados=9 actualizados=2 eventos=11
[2025-10-31 17:18:50] 🟢 Auto-Sync iniciado
[2025-10-31 17:18:50] ▶️ Iniciando corrida…
[2025-10-31 17:18:51] Backup JSON: respaldos/auto_sync\2025\10\31\autosync_20251031_171851.json
[2025-10-31 17:18:51] ✅ Corrida OK · insertados=7 actualizados=1 eventos=13
[2025-10-31 17:18:51] Rotation: reteniendo 30 días.
[2025-10-31 17:19:36] 🔴 Auto-Sync detenido
[2025-11-03 10:21:18] 🟢 Auto-Sync iniciado (simulate=True)
[2025-11-03 10:21:18] ▶️ Iniciando corrida…
[2025-11-03 10:21:18] ✅ Corrida OK · insertados=107 actualizados=16 eventos=236
[2025-11-03 10:26:19] ▶️ Iniciando corrida…
[2025-11-03 10:26:19] ✅ Corrida OK · insertados=81 actualizados=15 eventos=180
[2025-11-03 10:32:53] ▶️ Iniciando corrida…
[2025-11-03 10:32:53] ✅ Corrida OK · insertados=92 actualizados=18 eventos=207
[2025-11-03 10:37:54] ▶️ Iniciando corrida…
[2025-11-03 10:37:54] ✅ Corrida OK · insertados=83 actualizados=16 eventos=184
[2025-11-03 10:42:54] ▶️ Iniciando corrida…
[2025-11-03 10:42:54] ✅ Corrida OK · insertados=70 actualizados=10 eventos=158
[2025-11-03 10:43:58] 🔴 Auto-Sync detenido
[2025-11-04 14:03:34] ⏱️ Intervalo actualizado a 5 min.
[2025-11-04 14:03:39] 🟢 Auto-Sync iniciado (simulate=True)
[2025-11-04 14:03:39] ▶️ Iniciando corrida…
[2025-11-04 14:03:39] ✅ Corrida completada. Insertados: 86 | Actualizados: 14 | Eventos: 191
[2025-11-04 14:08:39] ▶️ Iniciando corrida…
[2025-11-04 14:08:39] ✅ Corrida completada. Insertados: 70 | Actualizados: 10 | Eventos: 151
[2025-11-04 14:13:40] ▶️ Iniciando corrida…
[2025-11-04 14:13:40] ✅ Corrida completada. Insertados: 99 | Actualizados: 14 | Eventos: 216
[2025-11-04 14:18:40] ▶️ Iniciando corrida…
[2025-11-04 14:18:40] ✅ Corrida completada. Insertados: 106 | Actualizados: 15 | Eventos: 236
[2025-11-04 14:23:41] ▶️ Iniciando corrida…
[2025-11-04 14:23:41] ✅ Corrida completada. Insertados: 66 | Actualizados: 12 | Eventos: 147
[2025-11-04 14:28:41] ▶️ Iniciando corrida…
[2025-11-04 14:28:41] ✅ Corrida completada. Insertados: 84 | Actualizados: 20 | Eventos: 195
[2025-11-04 14:33:42] ▶️ Iniciando corrida…
[2025-11-04 14:33:42] ✅ Corrida completada. Insertados: 78 | Actualizados: 11 | Eventos: 170
[2025-11-04 14:38:42] ▶️ Iniciando corrida…
[2025-11-04 14:38:43] ✅ Corrida completada. Insertados: 96 | Actualizados: 14 | Eventos: 211
[2025-11-04 14:43:43] ▶️ Iniciando corrida…
[2025-11-04 14:43:43] ✅ Corrida completada. Insertados: 104 | Actualizados: 12 | Eventos: 226
[2025-11-04 14:48:44] ▶️ Iniciando corrida…
[2025-11-04 14:48:44] ✅ Corrida completada. Insertados: 95 | Actualizados: 11 | Eventos: 206
[2025-11-04 14:53:44] ▶️ Iniciando corrida…
[2025-11-04 14:53:44] ✅ Corrida completada. Insertados: 64 | Actualizados: 6 | Eventos: 136
[2025-11-04 14:58:45] ▶️ Iniciando corrida…
[2025-11-04 14:58:45] ✅ Corrida completada. Insertados: 91 | Actualizados: 16 | Eventos: 203
[2025-11-04 15:03:45] ▶️ Iniciando corrida…
[2025-11-04 15:03:45] ✅ Corrida completada. Insertados: 109 | Actualizados: 10 | Eventos: 231
[2025-11-04 15:08:46] ▶️ Iniciando corrida…
[2025-11-04 15:08:46] ✅ Corrida completada. Insertados: 100 | Actualizados: 16 | Eventos: 223
[2025-11-04 15:57:23] ▶️ Iniciando corrida…
[2025-11-04 15:57:23] ✅ Corrida completada. Insertados: 91 | Actualizados: 18 | Eventos: 209
[2025-11-04 16:02:23] ▶️ Iniciando corrida…
[2025-11-04 16:02:24] ✅ Corrida completada. Insertados: 98 | Actualizados: 15 | Eventos: 218
[2025-11-04 16:07:24] ▶️ Iniciando corrida…
[2025-11-04 16:07:24] ✅ Corrida completada. Insertados: 64 | Actualizados: 14 | Eventos: 146
[2025-11-04 16:12:25] ▶️ Iniciando corrida…
[2025-11-04 16:12:25] ✅ Corrida completada. Insertados: 62 | Actualizados: 12 | Eventos: 141
[2025-11-04 16:17:25] ▶️ Iniciando corrida…
[2025-11-04 16:17:26] ✅ Corrida completada. Insertados: 94 | Actualizados: 16 | Eventos: 208
[2025-11-04 16:22:26] ▶️ Iniciando corrida…
[2025-11-04 16:22:26] ✅ Corrida completada. Insertados: 77 | Actualizados: 11 | Eventos: 169
[2025-11-04 16:27:27] ▶️ Iniciando corrida…
[2025-11-04 16:27:27] ✅ Corrida completada. Insertados: 67 | Actualizados: 10 | Eventos: 145
[2025-11-04 16:32:27] ▶️ Iniciando corrida…
[2025-11-04 16:32:27] ✅ Corrida completada. Insertados: 95 | Actualizados: 14 | Eventos: 210
[2025-11-04 16:37:28] ▶️ Iniciando corrida…
[2025-11-04 16:37:28] ✅ Corrida completada. Insertados: 69 | Actualizados: 12 | Eventos: 153
[2025-11-04 16:42:28] ▶️ Iniciando corrida…
[2025-11-04 16:42:28] ✅ Corrida completada. Insertados: 83 | Actualizados: 15 | Eventos: 185
[2025-11-04 16:47:29] ▶️ Iniciando corrida…
[2025-11-04 16:47:29] ✅ Corrida completada. Insertados: 95 | Actualizados: 19 | Eventos: 219
[2025-11-04 16:52:30] ▶️ Iniciando corrida…
[2025-11-04 16:52:30] ✅ Corrida completada. Insertados: 95 | Actualizados: 20 | Eventos: 218
[2025-11-04 16:57:30] ▶️ Iniciando corrida…
[2025-11-04 16:57:30] ✅ Corrida completada. Insertados: 77 | Actualizados: 18 | Eventos: 175
[2025-11-04 17:02:31] ▶️ Iniciando corrida…
[2025-11-04 17:02:31] ✅ Corrida completada. Insertados: 82 | Actualizados: 9 | Eventos: 177
[2025-11-04 17:07:31] ▶️ Iniciando corrida…
[2025-11-04 17:07:31] ✅ Corrida completada. Insertados: 88 | Actualizados: 26 | Eventos: 212
[2025-11-04 17:12:32] ▶️ Iniciando corrida…
[2025-11-04 17:12:32] ✅ Corrida completada. Insertados: 67 | Actualizados: 17 | Eventos: 153
[2025-11-04 17:17:33] ▶️ Iniciando corrida…
[2025-11-04 17:17:33] ✅ Corrida completada. Insertados: 98 | Actualizados: 23 | Eventos: 227
[2025-11-04 17:18:38] 🔴 Auto-Sync detenido
